--- Swarm Income Log Tue Apr 28 18:29:27 CDT 2026 ---
1. Curation logic initialized.
2. Analysis logic initialized.
3. Persistent network-aware monitor script created.
Supervisor process started.
[Tue Apr 28 18:39:51 CDT 2026] Human-Agent Control Interface Initialized.
[Tue Apr 28 18:43:51 CDT 2026] Mrs-Higgins interaction node linked.
[Tue Apr 28 18:49:40 CDT 2026] Autonomous Self-Mutation and Income Pipeline Architecture established.
[Tue Apr 28 18:50:06 CDT 2026] Deployment factory hook active.
[Tue Apr 28 18:53:22 CDT 2026] Force Multiplier marketing pipeline initialized.
[Tue Apr 28 18:53:36 CDT 2026] Marketing optimization engine ready.
[Tue Apr 28 18:58:55 CDT 2026] Payment endpoints integrated. Molt optimizer initialized.
[Tue Apr 28 18:59:44 CDT 2026] Professional profile documentation added to marketing endpoints.
[Tue Apr 28 19:05:59 CDT 2026] Dominance Cycle hooks deployed. Swarm optimized for superiority.
[Tue Apr 28 19:13:46 CDT 2026] Vertical AI Analysis: Scaling bottleneck identified in mutation engine. Recommendation: Add local circuit breaker.
[Tue Apr 28 19:13:46 CDT 2026] Hotseat Red-Team: Marketing payload vulnerable to platform throttling. Recommendation: Implement jitter/randomized delivery window.
[Tue Apr 28 19:13:46 CDT 2026] Architectural review complete. Optimizations implemented.
[Tue Apr 28 19:20:40 CDT 2026] Modules initialized.
[Tue Apr 28 19:25:36 CDT 2026] Nostr DVM listener script fully provisioned.
[Tue Apr 28 19:39:09 CDT 2026] ZeroClaw-Bounty-Board repository scaffold initialized.
Restore point created.
[Tue Apr 28 19:58:19 CDT 2026] Persistent services and modules initialized.
[Tue Apr 28 20:21:50 CDT 2026] NWC infrastructure wired into listener.py.
Repo Ready for commit: ~/ZeroClaw-OSINT-Marketplace
[Tue Apr 28 21:35:16 CDT 2026] Payment loop wired.
